benchmark group : Livermore
cases           : Livermore-3, Livermore-14
runs per case   : 100
seed_source     : quantum
ops             : +,-,*,/,sin,cos,exp,log,R
c               : 4.0
gamma           : 0.5
gp_rate         : 0.2
mutation_rate   : 0.1
exploration_rate: 0.2
matched_pair_n  : 4
sample_multiplier: 2.0
test_ratio      : 0.5
workers         : 32
output          : results_seed_bias/livermore_mp_old_hp/mp4/livermore
       Livermore-3 run=10 seed=2437489881 time=8.572s reward=1.000000 train_r2=1.000000 test_r2=1.000000 complexity=39 evals=103803
      Livermore-14 run=14 seed=1777581980 time=17.083s reward=1.000000 train_r2=1.000000 test_r2=1.000000 complexity=23 evals=208679
      Livermore-14 run=6  seed=3814845113 time=29.466s reward=1.000000 train_r2=1.000000 test_r2=1.000000 complexity=17 evals=339818
       Livermore-3 run=0  seed=723072574 time=30.603s reward=1.000000 train_r2=1.000000 test_r2=1.000000 complexity=13 evals=329918
       Livermore-3 run=1  seed=971434279 time=36.339s reward=1.000000 train_r2=1.000000 test_r2=1.000000 complexity=13 evals=395569
      Livermore-14 run=5  seed=2057259013 time=36.938s reward=1.000000 train_r2=1.000000 test_r2=1.000000 complexity=19 evals=425966
       Livermore-3 run=15 seed=354449225 time=41.334s reward=1.000000 train_r2=1.000000 test_r2=1.000000 complexity=16 evals=442824
       Livermore-3 run=5  seed=2057259013 time=42.229s reward=1.000000 train_r2=1.000000 test_r2=1.000000 complexity=15 evals=459113
       Livermore-3 run=13 seed=310923819 time=42.988s reward=1.000000 train_r2=1.000000 test_r2=1.000000 complexity=14 evals=454943
       Livermore-3 run=12 seed=1677402687 time=46.463s reward=1.000000 train_r2=1.000000 test_r2=1.000000 complexity=16 evals=504785
      Livermore-14 run=18 seed=3334804072 time=11.829s reward=1.000000 train_r2=1.000000 test_r2=1.000000 complexity=20 evals=145404
       Livermore-3 run=11 seed=2218870180 time=50.650s reward=1.000000 train_r2=1.000000 test_r2=1.000000 complexity=15 evals=553835
      Livermore-14 run=8  seed=3183815639 time=55.501s reward=1.000000 train_r2=1.000000 test_r2=1.000000 complexity=19 evals=621743
       Livermore-3 run=18 seed=3334804072 time=19.435s reward=1.000000 train_r2=1.000000 test_r2=1.000000 complexity=14 evals=221374
       Livermore-3 run=7  seed=2770303473 time=66.488s reward=1.000000 train_r2=1.000000 test_r2=1.000000 complexity=20 evals=692390
      Livermore-14 run=9  seed=3828183215 time=68.515s reward=1.000000 train_r2=1.000000 test_r2=1.000000 complexity=31 evals=742692
       Livermore-3 run=9  seed=3828183215 time=70.364s reward=1.000000 train_r2=1.000000 test_r2=1.000000 complexity=18 evals=746107
       Livermore-3 run=22 seed=2073228580 time=15.212s reward=1.000000 train_r2=1.000000 test_r2=1.000000 complexity=16 evals=173712
       Livermore-3 run=6  seed=3814845113 time=86.320s reward=1.000000 train_r2=1.000000 test_r2=1.000000 complexity=13 evals=928888
       Livermore-3 run=23 seed=1668493585 time=21.297s reward=1.000000 train_r2=1.000000 test_r2=1.000000 complexity=11 evals=237742
       Livermore-3 run=17 seed=2845477618 time=66.583s reward=1.000000 train_r2=1.000000 test_r2=1.000000 complexity=14 evals=701746
       Livermore-3 run=4  seed=1227433701 time=100.039s reward=1.000000 train_r2=1.000000 test_r2=1.000000 complexity=13 evals=1060987
       Livermore-3 run=21 seed=3434952867 time=62.567s reward=1.000000 train_r2=1.000000 test_r2=1.000000 complexity=13 evals=657979
      Livermore-14 run=22 seed=2073228580 time=62.091s reward=0.999999 train_r2=1.000000 test_r2=1.000000 complexity=26 evals=687675
       Livermore-3 run=8  seed=3183815639 time=118.944s reward=1.000000 train_r2=1.000000 test_r2=1.000000 complexity=13 evals=1239220
       Livermore-3 run=25 seed=2537996840 time=36.494s reward=1.000000 train_r2=1.000000 test_r2=1.000000 complexity=20 evals=391321
      Livermore-14 run=17 seed=2845477618 time=134.500s reward=1.000000 train_r2=1.000000 test_r2=1.000000 complexity=17 evals=1410072
      Livermore-14 run=21 seed=3434952867 time=118.077s reward=1.000000 train_r2=1.000000 test_r2=1.000000 complexity=21 evals=1268448
       Livermore-3 run=19 seed=3003924095 time=136.636s reward=1.000000 train_r2=1.000000 test_r2=1.000000 complexity=17 evals=1371740
      Livermore-14 run=13 seed=310923819 time=185.010s reward=0.999991 train_r2=1.000000 test_r2=1.000000 complexity=26 evals=2000001
      Livermore-14 run=3  seed=3163586042 time=185.141s reward=0.999991 train_r2=1.000000 test_r2=1.000000 complexity=18 evals=2000031
      Livermore-14 run=7  seed=2770303473 time=186.724s reward=0.999991 train_r2=1.000000 test_r2=1.000000 complexity=21 evals=2000004
      Livermore-14 run=1  seed=971434279 time=188.085s reward=0.999980 train_r2=1.000000 test_r2=1.000000 complexity=21 evals=2000000
      Livermore-14 run=11 seed=2218870180 time=187.966s reward=0.999989 train_r2=1.000000 test_r2=1.000000 complexity=33 evals=2000042
      Livermore-14 run=10 seed=2437489881 time=188.782s reward=0.999992 train_r2=1.000000 test_r2=1.000000 complexity=25 evals=2000007
       Livermore-3 run=20 seed=938757074 time=146.147s reward=1.000000 train_r2=1.000000 test_r2=1.000000 complexity=15 evals=1537075
      Livermore-14 run=15 seed=354449225 time=188.329s reward=0.999991 train_r2=1.000000 test_r2=1.000000 complexity=34 evals=2000000
      Livermore-14 run=4  seed=1227433701 time=189.459s reward=0.999991 train_r2=1.000000 test_r2=1.000000 complexity=30 evals=2000032
      Livermore-14 run=0  seed=723072574 time=190.293s reward=0.999978 train_r2=1.000000 test_r2=1.000000 complexity=28 evals=2000025
      Livermore-14 run=2  seed=3325160576 time=190.419s reward=0.999992 train_r2=1.000000 test_r2=1.000000 complexity=21 evals=2000000
      Livermore-14 run=12 seed=1677402687 time=190.591s reward=0.999990 train_r2=1.000000 test_r2=1.000000 complexity=26 evals=2000041
       Livermore-3 run=34 seed=2191321948 time=10.654s reward=1.000000 train_r2=1.000000 test_r2=1.000000 complexity=15 evals=125605
      Livermore-14 run=35 seed=1851676975 time=10.838s reward=1.000000 train_r2=1.000000 test_r2=1.000000 complexity=19 evals=131568
       Livermore-3 run=14 seed=1777581980 time=202.125s reward=0.999975 train_r2=1.000000 test_r2=1.000000 complexity=38 evals=2000004
      Livermore-14 run=16 seed=1949615811 time=186.641s reward=0.999990 train_r2=1.000000 test_r2=1.000000 complexity=21 evals=2000001
       Livermore-3 run=30 seed=758553822 time=26.648s reward=1.000000 train_r2=1.000000 test_r2=1.000000 complexity=14 evals=286593
       Livermore-3 run=3  seed=3163586042 time=204.724s reward=0.999761 train_r2=1.000000 test_r2=0.999999 complexity=24 evals=2000000
       Livermore-3 run=2  seed=3325160576 time=205.930s reward=0.999798 train_r2=1.000000 test_r2=1.000000 complexity=21 evals=2000000
       Livermore-3 run=16 seed=1949615811 time=199.390s reward=0.999894 train_r2=1.000000 test_r2=0.999996 complexity=27 evals=2000017
       Livermore-3 run=33 seed=902677639 time=24.403s reward=1.000000 train_r2=1.000000 test_r2=1.000000 complexity=16 evals=271956
       Livermore-3 run=31 seed=1393567789 time=30.312s reward=1.000000 train_r2=1.000000 test_r2=1.000000 complexity=13 evals=333514
       Livermore-3 run=38 seed=1869174399 time=18.541s reward=1.000000 train_r2=1.000000 test_r2=1.000000 complexity=11 evals=203751
      Livermore-14 run=19 seed=3003924095 time=183.097s reward=0.999994 train_r2=1.000000 test_r2=1.000000 complexity=21 evals=2000022
       Livermore-3 run=39 seed=2928440539 time=21.148s reward=1.000000 train_r2=1.000000 test_r2=1.000000 complexity=16 evals=231948
       Livermore-3 run=35 seed=1851676975 time=39.348s reward=1.000000 train_r2=1.000000 test_r2=1.000000 complexity=13 evals=420065
      Livermore-14 run=20 seed=938757074 time=187.480s reward=0.999990 train_r2=1.000000 test_r2=1.000000 complexity=19 evals=2000002
       Livermore-3 run=32 seed=540967856 time=50.485s reward=1.000000 train_r2=1.000000 test_r2=1.000000 complexity=14 evals=530343
       Livermore-3 run=26 seed=3995401709 time=143.429s reward=1.000000 train_r2=1.000000 test_r2=1.000000 complexity=11 evals=1454906
       Livermore-3 run=41 seed=3926696696 time=33.476s reward=1.000000 train_r2=1.000000 test_r2=1.000000 complexity=13 evals=357998
       Livermore-3 run=37 seed=1305444561 time=52.563s reward=1.000000 train_r2=1.000000 test_r2=1.000000 complexity=11 evals=575677
       Livermore-3 run=43 seed=837591013 time=31.173s reward=1.000000 train_r2=1.000000 test_r2=1.000000 complexity=13 evals=334279
      Livermore-14 run=24 seed=3850872759 time=189.222s reward=0.999994 train_r2=1.000000 test_r2=1.000000 complexity=27 evals=2000024
      Livermore-14 run=29 seed=2169555080 time=95.520s reward=1.000000 train_r2=1.000000 test_r2=1.000000 complexity=22 evals=1029213
      Livermore-14 run=23 seed=1668493585 time=198.886s reward=0.999982 train_r2=1.000000 test_r2=1.000000 complexity=41 evals=2000000
       Livermore-3 run=24 seed=3850872759 time=201.147s reward=0.999871 train_r2=1.000000 test_r2=0.999985 complexity=21 evals=2000001
      Livermore-14 run=25 seed=2537996840 time=187.268s reward=0.999986 train_r2=1.000000 test_r2=1.000000 complexity=26 evals=2000013
       Livermore-3 run=44 seed=2366855942 time=39.704s reward=1.000000 train_r2=1.000000 test_r2=1.000000 complexity=13 evals=427771
       Livermore-3 run=46 seed=323105323 time=24.406s reward=1.000000 train_r2=1.000000 test_r2=1.000000 complexity=19 evals=269144
      Livermore-14 run=26 seed=3995401709 time=192.106s reward=0.999957 train_r2=1.000000 test_r2=1.000000 complexity=23 evals=2000032
      Livermore-14 run=49 seed=4080976823 time=10.569s reward=1.000000 train_r2=1.000000 test_r2=1.000000 complexity=19 evals=125035
       Livermore-3 run=49 seed=4080976823 time=31.420s reward=1.000000 train_r2=1.000000 test_r2=1.000000 complexity=14 evals=336631
       Livermore-3 run=27 seed=3994838759 time=199.746s reward=0.999978 train_r2=1.000000 test_r2=1.000000 complexity=35 evals=2000022
      Livermore-14 run=28 seed=861316294 time=189.811s reward=0.999972 train_r2=1.000000 test_r2=1.000000 complexity=23 evals=2000010
      Livermore-14 run=27 seed=3994838759 time=194.914s reward=0.999968 train_r2=1.000000 test_r2=1.000000 complexity=21 evals=2000024
       Livermore-3 run=28 seed=861316294 time=199.835s reward=0.999816 train_r2=1.000000 test_r2=0.999998 complexity=43 evals=2000000
      Livermore-14 run=48 seed=1796736039 time=44.050s reward=1.000000 train_r2=1.000000 test_r2=1.000000 complexity=19 evals=480437
      Livermore-14 run=41 seed=3926696696 time=104.802s reward=1.000000 train_r2=1.000000 test_r2=1.000000 complexity=25 evals=1133211
      Livermore-14 run=30 seed=758553822 time=146.621s reward=1.000000 train_r2=1.000000 test_r2=1.000000 complexity=21 evals=1517744
       Livermore-3 run=50 seed=1129862598 time=40.961s reward=1.000000 train_r2=1.000000 test_r2=1.000000 complexity=18 evals=431454
      Livermore-14 run=39 seed=2928440539 time=133.563s reward=1.000000 train_r2=1.000000 test_r2=1.000000 complexity=22 evals=1401452
       Livermore-3 run=45 seed=3465266528 time=94.187s reward=1.000000 train_r2=1.000000 test_r2=1.000000 complexity=13 evals=997598
      Livermore-14 run=47 seed=3059174495 time=98.358s reward=0.999999 train_r2=1.000000 test_r2=1.000000 complexity=18 evals=1072549
      Livermore-14 run=51 seed=2501308237 time=55.171s reward=1.000000 train_r2=1.000000 test_r2=1.000000 complexity=27 evals=587080
       Livermore-3 run=54 seed=1287263512 time=39.788s reward=1.000000 train_r2=1.000000 test_r2=1.000000 complexity=16 evals=422338
      Livermore-14 run=36 seed=1139067352 time=168.616s reward=1.000000 train_r2=1.000000 test_r2=1.000000 complexity=32 evals=1765194
       Livermore-3 run=56 seed=3383119910 time=27.340s reward=1.000000 train_r2=1.000000 test_r2=1.000000 complexity=13 evals=304898
       Livermore-3 run=29 seed=2169555080 time=209.047s reward=0.999853 train_r2=1.000000 test_r2=1.000000 complexity=25 evals=2000003
       Livermore-3 run=53 seed=2157573201 time=56.183s reward=1.000000 train_r2=1.000000 test_r2=1.000000 complexity=14 evals=583103
       Livermore-3 run=58 seed=3169893663 time=8.577s reward=1.000000 train_r2=1.000000 test_r2=1.000000 complexity=13 evals=101218
      Livermore-14 run=33 seed=902677639 time=189.799s reward=0.999994 train_r2=1.000000 test_r2=1.000000 complexity=31 evals=2000019
      Livermore-14 run=34 seed=2191321948 time=190.556s reward=0.999994 train_r2=1.000000 test_r2=1.000000 complexity=24 evals=2000021
      Livermore-14 run=32 seed=540967856 time=190.870s reward=0.999999 train_r2=1.000000 test_r2=1.000000 complexity=25 evals=2000002
      Livermore-14 run=31 seed=1393567789 time=193.076s reward=0.999987 train_r2=1.000000 test_r2=1.000000 complexity=22 evals=2000001
       Livermore-3 run=36 seed=1139067352 time=195.688s reward=0.999881 train_r2=1.000000 test_r2=0.999997 complexity=30 evals=2000000
       Livermore-3 run=40 seed=4027297405 time=178.982s reward=1.000000 train_r2=1.000000 test_r2=1.000000 complexity=13 evals=1793172
       Livermore-3 run=51 seed=2501308237 time=82.179s reward=1.000000 train_r2=1.000000 test_r2=1.000000 complexity=15 evals=846828
      Livermore-14 run=37 seed=1305444561 time=191.894s reward=0.999982 train_r2=1.000000 test_r2=1.000000 complexity=23 evals=2000000
      Livermore-14 run=38 seed=1869174399 time=193.586s reward=0.999981 train_r2=1.000000 test_r2=1.000000 complexity=28 evals=2000001
      Livermore-14 run=40 seed=4027297405 time=186.327s reward=0.999978 train_r2=1.000000 test_r2=1.000000 complexity=19 evals=2000030
      Livermore-14 run=53 seed=2157573201 time=83.011s reward=1.000000 train_r2=1.000000 test_r2=1.000000 complexity=17 evals=892240
       Livermore-3 run=62 seed=4135381994 time=26.772s reward=1.000000 train_r2=1.000000 test_r2=1.000000 complexity=13 evals=289050
      Livermore-14 run=59 seed=314500441 time=33.666s reward=1.000000 train_r2=1.000000 test_r2=1.000000 complexity=20 evals=377980
       Livermore-3 run=47 seed=3059174495 time=148.710s reward=1.000000 train_r2=1.000000 test_r2=1.000000 complexity=14 evals=1495644
      Livermore-14 run=42 seed=3747793057 time=190.743s reward=0.999982 train_r2=1.000000 test_r2=1.000000 complexity=24 evals=2000000
       Livermore-3 run=57 seed=646788872 time=50.761s reward=1.000000 train_r2=1.000000 test_r2=1.000000 complexity=13 evals=537483
      Livermore-14 run=60 seed=1881455519 time=38.309s reward=1.000000 train_r2=1.000000 test_r2=1.000000 complexity=20 evals=438766
       Livermore-3 run=60 seed=1881455519 time=40.346s reward=1.000000 train_r2=1.000000 test_r2=1.000000 complexity=13 evals=428839
       Livermore-3 run=55 seed=1830868652 time=87.085s reward=1.000000 train_r2=1.000000 test_r2=1.000000 complexity=12 evals=919640
      Livermore-14 run=43 seed=837591013 time=189.639s reward=0.999997 train_r2=1.000000 test_r2=1.000000 complexity=21 evals=2000009
       Livermore-3 run=42 seed=3747793057 time=201.725s reward=0.999980 train_r2=1.000000 test_r2=1.000000 complexity=26 evals=2000000
       Livermore-3 run=64 seed=2172690349 time=31.757s reward=1.000000 train_r2=1.000000 test_r2=1.000000 complexity=13 evals=337797
      Livermore-14 run=44 seed=2366855942 time=195.024s reward=0.999993 train_r2=1.000000 test_r2=1.000000 complexity=19 evals=2000000
       Livermore-3 run=61 seed=2621623777 time=64.711s reward=1.000000 train_r2=1.000000 test_r2=1.000000 complexity=25 evals=686070
      Livermore-14 run=45 seed=3465266528 time=192.094s reward=0.999997 train_r2=1.000000 test_r2=1.000000 complexity=27 evals=2000021
      Livermore-14 run=46 seed=323105323 time=192.826s reward=0.999976 train_r2=1.000000 test_r2=1.000000 complexity=28 evals=2000023
       Livermore-3 run=66 seed=2701542408 time=48.114s reward=1.000000 train_r2=1.000000 test_r2=1.000000 complexity=15 evals=507828
       Livermore-3 run=52 seed=2872581883 time=144.128s reward=1.000000 train_r2=1.000000 test_r2=1.000000 complexity=12 evals=1494434
       Livermore-3 run=68 seed=2580222673 time=44.238s reward=1.000000 train_r2=1.000000 test_r2=1.000000 complexity=15 evals=477195
       Livermore-3 run=69 seed=864589219 time=45.109s reward=1.000000 train_r2=1.000000 test_r2=1.000000 complexity=14 evals=487205
       Livermore-3 run=71 seed=1980462661 time=40.290s reward=1.000000 train_r2=1.000000 test_r2=1.000000 complexity=13 evals=428968
       Livermore-3 run=73 seed=3630032764 time=21.878s reward=1.000000 train_r2=1.000000 test_r2=1.000000 complexity=13 evals=249170
       Livermore-3 run=48 seed=1796736039 time=204.414s reward=0.999816 train_r2=1.000000 test_r2=1.000000 complexity=30 evals=2000003
       Livermore-3 run=74 seed=4174106357 time=22.128s reward=1.000000 train_r2=1.000000 test_r2=1.000000 complexity=15 evals=252164
      Livermore-14 run=50 seed=1129862598 time=193.204s reward=0.999992 train_r2=1.000000 test_r2=1.000000 complexity=29 evals=2000005
       Livermore-3 run=65 seed=534831994 time=91.463s reward=1.000000 train_r2=1.000000 test_r2=1.000000 complexity=12 evals=930972
      Livermore-14 run=52 seed=2872581883 time=192.522s reward=0.999968 train_r2=1.000000 test_r2=1.000000 complexity=27 evals=2000000
      Livermore-14 run=78 seed=1820974996 time=2.780s reward=1.000000 train_r2=1.000000 test_r2=1.000000 complexity=17 evals=35180
       Livermore-3 run=63 seed=2643969318 time=124.969s reward=1.000000 train_r2=1.000000 test_r2=1.000000 complexity=12 evals=1311511
       Livermore-3 run=75 seed=867240961 time=52.069s reward=1.000000 train_r2=1.000000 test_r2=1.000000 complexity=11 evals=551805
      Livermore-14 run=54 seed=1287263512 time=194.083s reward=0.999984 train_r2=1.000000 test_r2=1.000000 complexity=26 evals=2000002
      Livermore-14 run=55 seed=1830868652 time=190.643s reward=0.999985 train_r2=1.000000 test_r2=1.000000 complexity=21 evals=2000003
      Livermore-14 run=71 seed=1980462661 time=96.995s reward=1.000000 train_r2=1.000000 test_r2=1.000000 complexity=19 evals=1029932
       Livermore-3 run=81 seed=2654901646 time=16.532s reward=1.000000 train_r2=1.000000 test_r2=1.000000 complexity=16 evals=184880
       Livermore-3 run=77 seed=3765576040 time=71.335s reward=1.000000 train_r2=1.000000 test_r2=1.000000 complexity=13 evals=746637
      Livermore-14 run=56 seed=3383119910 time=192.317s reward=0.999949 train_r2=1.000000 test_r2=1.000000 complexity=27 evals=2000027
      Livermore-14 run=58 seed=3169893663 time=188.044s reward=0.999996 train_r2=1.000000 test_r2=1.000000 complexity=35 evals=2000022
       Livermore-3 run=67 seed=3905278380 time=145.864s reward=1.000000 train_r2=1.000000 test_r2=1.000000 complexity=15 evals=1468277
      Livermore-14 run=57 seed=646788872 time=193.343s reward=0.999988 train_r2=1.000000 test_r2=1.000000 complexity=19 evals=2000011
      Livermore-14 run=72 seed=2452680695 time=121.104s reward=1.000000 train_r2=1.000000 test_r2=1.000000 complexity=19 evals=1322645
      Livermore-14 run=61 seed=2621623777 time=195.753s reward=0.999973 train_r2=1.000000 test_r2=1.000000 complexity=30 evals=2000011
       Livermore-3 run=84 seed=1436364170 time=17.240s reward=1.000000 train_r2=1.000000 test_r2=1.000000 complexity=25 evals=194495
       Livermore-3 run=59 seed=314500441 time=201.446s reward=0.999970 train_r2=1.000000 test_r2=1.000000 complexity=32 evals=2000004
      Livermore-14 run=62 seed=4135381994 time=193.200s reward=0.999983 train_r2=1.000000 test_r2=1.000000 complexity=17 evals=2000006
      Livermore-14 run=63 seed=2643969318 time=190.887s reward=0.999986 train_r2=1.000000 test_r2=1.000000 complexity=23 evals=2000020
       Livermore-3 run=79 seed=23958531 time=77.461s reward=1.000000 train_r2=1.000000 test_r2=1.000000 complexity=15 evals=833332
       Livermore-3 run=70 seed=2499012356 time=163.275s reward=1.000000 train_r2=1.000000 test_r2=1.000000 complexity=30 evals=1635572
      Livermore-14 run=64 seed=2172690349 time=192.451s reward=0.999995 train_r2=1.000000 test_r2=1.000000 complexity=30 evals=2000000
      Livermore-14 run=74 seed=4174106357 time=129.108s reward=1.000000 train_r2=1.000000 test_r2=1.000000 complexity=19 evals=1361193
       Livermore-3 run=82 seed=3259510512 time=48.698s reward=1.000000 train_r2=1.000000 test_r2=1.000000 complexity=15 evals=507178
      Livermore-14 run=65 seed=534831994 time=193.275s reward=0.999997 train_r2=1.000000 test_r2=1.000000 complexity=25 evals=2000006
      Livermore-14 run=75 seed=867240961 time=128.272s reward=1.000000 train_r2=1.000000 test_r2=1.000000 complexity=20 evals=1374731
      Livermore-14 run=66 seed=2701542408 time=190.589s reward=0.999993 train_r2=1.000000 test_r2=1.000000 complexity=18 evals=2000000
       Livermore-3 run=85 seed=1570424568 time=39.419s reward=1.000000 train_r2=1.000000 test_r2=1.000000 complexity=15 evals=429872
      Livermore-14 run=68 seed=2580222673 time=189.238s reward=0.999995 train_r2=1.000000 test_r2=1.000000 complexity=21 evals=2000000
      Livermore-14 run=67 seed=3905278380 time=190.420s reward=0.999994 train_r2=1.000000 test_r2=1.000000 complexity=33 evals=2000020
      Livermore-14 run=89 seed=4203616987 time=16.956s reward=1.000000 train_r2=1.000000 test_r2=1.000000 complexity=21 evals=202757
      Livermore-14 run=69 seed=864589219 time=190.311s reward=0.999944 train_r2=1.000000 test_r2=1.000000 complexity=26 evals=2000002
      Livermore-14 run=70 seed=2499012356 time=187.397s reward=0.999991 train_r2=1.000000 test_r2=1.000000 complexity=22 evals=2000010
       Livermore-3 run=86 seed=4035782163 time=44.010s reward=1.000000 train_r2=1.000000 test_r2=1.000000 complexity=15 evals=476736
      Livermore-14 run=82 seed=3259510512 time=82.010s reward=0.999999 train_r2=1.000000 test_r2=1.000000 complexity=29 evals=858190
       Livermore-3 run=89 seed=4203616987 time=42.969s reward=1.000000 train_r2=1.000000 test_r2=1.000000 complexity=15 evals=443488
       Livermore-3 run=94 seed=172779871 time=22.553s reward=1.000000 train_r2=1.000000 test_r2=1.000000 complexity=18 evals=248356
       Livermore-3 run=95 seed=2754163514 time=21.927s reward=1.000000 train_r2=1.000000 test_r2=1.000000 complexity=11 evals=249527
       Livermore-3 run=72 seed=2452680695 time=197.945s reward=1.000000 train_r2=1.000000 test_r2=1.000000 complexity=13 evals=1970686
      Livermore-14 run=84 seed=1436364170 time=84.630s reward=1.000000 train_r2=1.000000 test_r2=1.000000 complexity=25 evals=914547
      Livermore-14 run=73 seed=3630032764 time=191.455s reward=0.999990 train_r2=1.000000 test_r2=1.000000 complexity=26 evals=2000006
       Livermore-3 run=88 seed=741423123 time=60.895s reward=1.000000 train_r2=1.000000 test_r2=1.000000 complexity=23 evals=648493
      Livermore-14 run=85 seed=1570424568 time=73.601s reward=1.000000 train_r2=1.000000 test_r2=1.000000 complexity=23 evals=804570
       Livermore-3 run=96 seed=3294841411 time=16.207s reward=1.000000 train_r2=1.000000 test_r2=1.000000 complexity=13 evals=186523
       Livermore-3 run=92 seed=2706151228 time=44.146s reward=1.000000 train_r2=1.000000 test_r2=1.000000 complexity=11 evals=469816
      Livermore-14 run=91 seed=3089837783 time=52.302s reward=1.000000 train_r2=1.000000 test_r2=1.000000 complexity=19 evals=581714
       Livermore-3 run=91 seed=3089837783 time=64.186s reward=1.000000 train_r2=1.000000 test_r2=1.000000 complexity=15 evals=645066
       Livermore-3 run=97 seed=3184510963 time=21.970s reward=1.000000 train_r2=1.000000 test_r2=1.000000 complexity=12 evals=245763
      Livermore-14 run=76 seed=1596437698 time=192.475s reward=0.999978 train_r2=1.000000 test_r2=1.000000 complexity=24 evals=2000000
       Livermore-3 run=76 seed=1596437698 time=195.357s reward=0.999978 train_r2=1.000000 test_r2=1.000000 complexity=25 evals=2000005
      Livermore-14 run=77 seed=3765576040 time=190.464s reward=0.999993 train_r2=1.000000 test_r2=1.000000 complexity=23 evals=2000008
       Livermore-3 run=78 seed=1820974996 time=198.756s reward=0.999872 train_r2=1.000000 test_r2=0.999988 complexity=26 evals=2000000
      Livermore-14 run=79 seed=23958531 time=179.221s reward=0.999995 train_r2=1.000000 test_r2=1.000000 complexity=20 evals=2000001
      Livermore-14 run=80 seed=3823501306 time=166.245s reward=1.000000 train_r2=1.000000 test_r2=1.000000 complexity=21 evals=1731834
      Livermore-14 run=99 seed=972782567 time=46.590s reward=1.000000 train_r2=1.000000 test_r2=1.000000 complexity=24 evals=539290
       Livermore-3 run=99 seed=972782567 time=49.615s reward=1.000000 train_r2=1.000000 test_r2=1.000000 complexity=14 evals=539423
       Livermore-3 run=80 seed=3823501306 time=191.994s reward=0.999787 train_r2=1.000000 test_r2=1.000000 complexity=24 evals=2000000
      Livermore-14 run=81 seed=2654901646 time=175.750s reward=0.999979 train_r2=1.000000 test_r2=1.000000 complexity=42 evals=2000007
      Livermore-14 run=94 seed=172779871 time=98.749s reward=1.000000 train_r2=1.000000 test_r2=1.000000 complexity=17 evals=1268436
       Livermore-3 run=93 seed=2970813244 time=107.761s reward=1.000000 train_r2=1.000000 test_r2=1.000000 complexity=11 evals=1165514
       Livermore-3 run=83 seed=950346302 time=171.697s reward=1.000000 train_r2=1.000000 test_r2=1.000000 complexity=11 evals=1831032
      Livermore-14 run=83 seed=950346302 time=173.831s reward=0.999981 train_r2=1.000000 test_r2=1.000000 complexity=24 evals=2000006
      Livermore-14 run=86 seed=4035782163 time=170.164s reward=0.999946 train_r2=1.000000 test_r2=0.999995 complexity=34 evals=2000008
      Livermore-14 run=88 seed=741423123 time=160.149s reward=0.999974 train_r2=1.000000 test_r2=1.000000 complexity=44 evals=2000025
       Livermore-3 run=87 seed=2538244260 time=172.745s reward=0.999794 train_r2=1.000000 test_r2=1.000000 complexity=46 evals=2000006
      Livermore-14 run=87 seed=2538244260 time=169.402s reward=0.999949 train_r2=1.000000 test_r2=1.000000 complexity=31 evals=2000005
      Livermore-14 run=90 seed=1451685539 time=158.318s reward=0.999993 train_r2=1.000000 test_r2=1.000000 complexity=31 evals=2000004
       Livermore-3 run=90 seed=1451685539 time=173.795s reward=0.999986 train_r2=1.000000 test_r2=1.000000 complexity=36 evals=2000000
      Livermore-14 run=93 seed=2970813244 time=165.411s reward=0.999994 train_r2=1.000000 test_r2=1.000000 complexity=18 evals=2000020
      Livermore-14 run=92 seed=2706151228 time=167.470s reward=0.999970 train_r2=1.000000 test_r2=1.000000 complexity=18 evals=2000005
      Livermore-14 run=95 seed=2754163514 time=146.486s reward=0.999996 train_r2=1.000000 test_r2=1.000000 complexity=25 evals=2000009
      Livermore-14 run=97 seed=3184510963 time=141.784s reward=0.999996 train_r2=1.000000 test_r2=1.000000 complexity=29 evals=2000005
      Livermore-14 run=96 seed=3294841411 time=157.209s reward=0.999961 train_r2=1.000000 test_r2=1.000000 complexity=27 evals=2000000
      Livermore-14 run=98 seed=1468460158 time=151.222s reward=0.999988 train_r2=1.000000 test_r2=1.000000 complexity=17 evals=2000000
wrote 100 rows to results_seed_bias/livermore_mp_old_hp/mp4/livermore/livermore_014_livermore-14.csv
       Livermore-3 run=98 seed=1468460158 time=159.080s reward=0.999965 train_r2=1.000000 test_r2=1.000000 complexity=32 evals=2000000
wrote 100 rows to results_seed_bias/livermore_mp_old_hp/mp4/livermore/livermore_003_livermore-3.csv
total wall time : 806.6s
