benchmark group : Livermore
cases           : Livermore-3, Livermore-14
runs per case   : 100
seed_source     : quantum
ops             : +,-,*,/,sin,cos,exp,log,R
c               : 4.0
gamma           : 0.5
gp_rate         : 0.2
mutation_rate   : 0.1
exploration_rate: 0.2
matched_pair_n  : 6
sample_multiplier: 2.0
test_ratio      : 0.5
workers         : 32
output          : results_seed_bias/livermore_mp_old_hp/mp6/livermore
       Livermore-3 run=0  seed=723072574 time=16.121s reward=1.000000 train_r2=1.000000 test_r2=1.000000 complexity=12 evals=194918
       Livermore-3 run=4  seed=1227433701 time=25.951s reward=1.000000 train_r2=1.000000 test_r2=1.000000 complexity=12 evals=302924
       Livermore-3 run=8  seed=3183815639 time=27.847s reward=1.000000 train_r2=1.000000 test_r2=1.000000 complexity=13 evals=326277
       Livermore-3 run=1  seed=971434279 time=30.779s reward=1.000000 train_r2=1.000000 test_r2=1.000000 complexity=13 evals=344529
      Livermore-14 run=13 seed=310923819 time=34.987s reward=1.000000 train_r2=1.000000 test_r2=1.000000 complexity=27 evals=421324
       Livermore-3 run=6  seed=3814845113 time=36.642s reward=1.000000 train_r2=1.000000 test_r2=1.000000 complexity=12 evals=399846
       Livermore-3 run=2  seed=3325160576 time=38.178s reward=1.000000 train_r2=1.000000 test_r2=1.000000 complexity=18 evals=422861
      Livermore-14 run=9  seed=3828183215 time=38.725s reward=1.000000 train_r2=1.000000 test_r2=1.000000 complexity=34 evals=457146
       Livermore-3 run=12 seed=1677402687 time=39.363s reward=1.000000 train_r2=1.000000 test_r2=1.000000 complexity=13 evals=440286
       Livermore-3 run=15 seed=354449225 time=40.693s reward=1.000000 train_r2=1.000000 test_r2=1.000000 complexity=16 evals=461847
       Livermore-3 run=7  seed=2770303473 time=43.515s reward=1.000000 train_r2=1.000000 test_r2=1.000000 complexity=13 evals=478514
       Livermore-3 run=10 seed=2437489881 time=43.652s reward=1.000000 train_r2=1.000000 test_r2=1.000000 complexity=21 evals=489091
       Livermore-3 run=11 seed=2218870180 time=47.931s reward=1.000000 train_r2=1.000000 test_r2=1.000000 complexity=14 evals=529203
      Livermore-14 run=1  seed=971434279 time=48.185s reward=1.000000 train_r2=1.000000 test_r2=1.000000 complexity=24 evals=559772
       Livermore-3 run=17 seed=2845477618 time=21.380s reward=1.000000 train_r2=1.000000 test_r2=1.000000 complexity=13 evals=247762
      Livermore-14 run=6  seed=3814845113 time=49.379s reward=1.000000 train_r2=1.000000 test_r2=1.000000 complexity=20 evals=579763
      Livermore-14 run=21 seed=3434952867 time=11.355s reward=1.000000 train_r2=1.000000 test_r2=1.000000 complexity=17 evals=144580
       Livermore-3 run=3  seed=3163586042 time=55.913s reward=1.000000 train_r2=1.000000 test_r2=1.000000 complexity=16 evals=594986
       Livermore-3 run=20 seed=938757074 time=18.691s reward=1.000000 train_r2=1.000000 test_r2=1.000000 complexity=13 evals=222118
       Livermore-3 run=9  seed=3828183215 time=58.718s reward=1.000000 train_r2=1.000000 test_r2=1.000000 complexity=14 evals=649702
      Livermore-14 run=2  seed=3325160576 time=75.778s reward=1.000000 train_r2=1.000000 test_r2=1.000000 complexity=24 evals=838222
      Livermore-14 run=19 seed=3003924095 time=41.174s reward=1.000000 train_r2=1.000000 test_r2=1.000000 complexity=25 evals=484131
       Livermore-3 run=25 seed=2537996840 time=30.852s reward=1.000000 train_r2=1.000000 test_r2=1.000000 complexity=11 evals=348827
       Livermore-3 run=19 seed=3003924095 time=53.901s reward=1.000000 train_r2=1.000000 test_r2=1.000000 complexity=13 evals=585365
       Livermore-3 run=21 seed=3434952867 time=50.020s reward=1.000000 train_r2=1.000000 test_r2=1.000000 complexity=13 evals=549907
      Livermore-14 run=7  seed=2770303473 time=95.757s reward=1.000000 train_r2=1.000000 test_r2=1.000000 complexity=19 evals=1097437
       Livermore-3 run=5  seed=2057259013 time=96.394s reward=1.000000 train_r2=1.000000 test_r2=1.000000 complexity=13 evals=1046979
       Livermore-3 run=24 seed=3850872759 time=44.475s reward=1.000000 train_r2=1.000000 test_r2=1.000000 complexity=13 evals=479829
       Livermore-3 run=13 seed=310923819 time=107.462s reward=1.000000 train_r2=1.000000 test_r2=1.000000 complexity=13 evals=1158187
       Livermore-3 run=16 seed=1949615811 time=101.580s reward=1.000000 train_r2=1.000000 test_r2=1.000000 complexity=15 evals=1101488
      Livermore-14 run=27 seed=3994838759 time=27.513s reward=1.000000 train_r2=1.000000 test_r2=1.000000 complexity=21 evals=320925
      Livermore-14 run=0  seed=723072574 time=130.215s reward=1.000000 train_r2=1.000000 test_r2=1.000000 complexity=22 evals=1482899
       Livermore-3 run=27 seed=3994838759 time=60.359s reward=1.000000 train_r2=1.000000 test_r2=1.000000 complexity=13 evals=674432
      Livermore-14 run=3  seed=3163586042 time=161.655s reward=1.000000 train_r2=1.000000 test_r2=1.000000 complexity=26 evals=1816582
       Livermore-3 run=29 seed=2169555080 time=65.493s reward=1.000000 train_r2=1.000000 test_r2=1.000000 complexity=15 evals=704554
      Livermore-14 run=29 seed=2169555080 time=64.366s reward=1.000000 train_r2=1.000000 test_r2=1.000000 complexity=20 evals=740462
      Livermore-14 run=32 seed=540967856 time=12.115s reward=1.000000 train_r2=1.000000 test_r2=1.000000 complexity=21 evals=151982
      Livermore-14 run=8  seed=3183815639 time=173.939s reward=0.999992 train_r2=1.000000 test_r2=1.000000 complexity=35 evals=2000023
      Livermore-14 run=14 seed=1777581980 time=174.415s reward=1.000000 train_r2=1.000000 test_r2=1.000000 complexity=21 evals=1964509
       Livermore-3 run=33 seed=902677639 time=14.175s reward=1.000000 train_r2=1.000000 test_r2=1.000000 complexity=13 evals=168651
      Livermore-14 run=15 seed=354449225 time=178.441s reward=0.999992 train_r2=1.000000 test_r2=1.000000 complexity=19 evals=2000000
      Livermore-14 run=5  seed=2057259013 time=179.378s reward=0.999976 train_r2=1.000000 test_r2=1.000000 complexity=22 evals=2000013
      Livermore-14 run=11 seed=2218870180 time=179.999s reward=0.999982 train_r2=1.000000 test_r2=1.000000 complexity=19 evals=2000003
      Livermore-14 run=12 seed=1677402687 time=180.223s reward=0.999977 train_r2=1.000000 test_r2=1.000000 complexity=20 evals=2000002
      Livermore-14 run=10 seed=2437489881 time=180.478s reward=0.999983 train_r2=1.000000 test_r2=1.000000 complexity=23 evals=2000003
      Livermore-14 run=4  seed=1227433701 time=180.232s reward=0.999981 train_r2=1.000000 test_r2=1.000000 complexity=23 evals=2000005
      Livermore-14 run=20 seed=938757074 time=144.555s reward=1.000000 train_r2=1.000000 test_r2=1.000000 complexity=26 evals=1621336
       Livermore-3 run=14 seed=1777581980 time=191.295s reward=0.999961 train_r2=1.000000 test_r2=1.000000 complexity=42 evals=2000024
      Livermore-14 run=16 seed=1949615811 time=176.654s reward=0.999994 train_r2=1.000000 test_r2=1.000000 complexity=26 evals=2000002
       Livermore-3 run=30 seed=758553822 time=95.899s reward=1.000000 train_r2=1.000000 test_r2=1.000000 complexity=13 evals=1051348
       Livermore-3 run=38 seed=1869174399 time=28.049s reward=1.000000 train_r2=1.000000 test_r2=1.000000 complexity=15 evals=316292
      Livermore-14 run=17 seed=2845477618 time=178.704s reward=0.999961 train_r2=1.000000 test_r2=1.000000 complexity=34 evals=2000049
      Livermore-14 run=28 seed=861316294 time=119.001s reward=1.000000 train_r2=1.000000 test_r2=1.000000 complexity=20 evals=1299955
      Livermore-14 run=18 seed=3334804072 time=179.570s reward=0.999996 train_r2=1.000000 test_r2=1.000000 complexity=27 evals=2000001
       Livermore-3 run=18 seed=3334804072 time=184.523s reward=0.999848 train_r2=1.000000 test_r2=1.000000 complexity=38 evals=2000050
      Livermore-14 run=23 seed=1668493585 time=179.741s reward=0.999992 train_r2=1.000000 test_r2=1.000000 complexity=26 evals=2000040
      Livermore-14 run=22 seed=2073228580 time=181.761s reward=0.999991 train_r2=1.000000 test_r2=1.000000 complexity=21 evals=2000009
      Livermore-14 run=24 seed=3850872759 time=178.274s reward=0.999992 train_r2=1.000000 test_r2=1.000000 complexity=20 evals=2000005
       Livermore-3 run=23 seed=1668493585 time=187.414s reward=0.999970 train_r2=1.000000 test_r2=1.000000 complexity=36 evals=2000014
       Livermore-3 run=22 seed=2073228580 time=188.840s reward=0.999836 train_r2=1.000000 test_r2=1.000000 complexity=34 evals=2000049
      Livermore-14 run=25 seed=2537996840 time=184.374s reward=0.999962 train_r2=1.000000 test_r2=1.000000 complexity=19 evals=2000001
       Livermore-3 run=40 seed=4027297405 time=41.746s reward=1.000000 train_r2=1.000000 test_r2=1.000000 complexity=26 evals=465996
      Livermore-14 run=26 seed=3995401709 time=181.939s reward=0.999995 train_r2=1.000000 test_r2=1.000000 complexity=20 evals=2000001
       Livermore-3 run=26 seed=3995401709 time=188.377s reward=0.999938 train_r2=1.000000 test_r2=1.000000 complexity=26 evals=2000000
      Livermore-14 run=35 seed=1851676975 time=91.725s reward=1.000000 train_r2=1.000000 test_r2=1.000000 complexity=24 evals=1029906
       Livermore-3 run=48 seed=1796736039 time=11.550s reward=1.000000 train_r2=1.000000 test_r2=1.000000 complexity=13 evals=139227
       Livermore-3 run=28 seed=861316294 time=186.911s reward=0.999790 train_r2=1.000000 test_r2=1.000000 complexity=30 evals=2000031
      Livermore-14 run=48 seed=1796736039 time=16.100s reward=1.000000 train_r2=1.000000 test_r2=1.000000 complexity=19 evals=194347
       Livermore-3 run=42 seed=3747793057 time=85.888s reward=1.000000 train_r2=1.000000 test_r2=1.000000 complexity=13 evals=922208
       Livermore-3 run=46 seed=323105323 time=58.655s reward=1.000000 train_r2=1.000000 test_r2=1.000000 complexity=13 evals=642938
      Livermore-14 run=30 seed=758553822 time=183.989s reward=0.999986 train_r2=1.000000 test_r2=1.000000 complexity=26 evals=2000001
       Livermore-3 run=37 seed=1305444561 time=124.954s reward=1.000000 train_r2=1.000000 test_r2=1.000000 complexity=14 evals=1335818
       Livermore-3 run=50 seed=1129862598 time=4.998s reward=1.000000 train_r2=1.000000 test_r2=1.000000 complexity=13 evals=62543
       Livermore-3 run=47 seed=3059174495 time=47.131s reward=1.000000 train_r2=1.000000 test_r2=1.000000 complexity=16 evals=505839
      Livermore-14 run=31 seed=1393567789 time=180.060s reward=0.999990 train_r2=1.000000 test_r2=1.000000 complexity=19 evals=2000005
       Livermore-3 run=44 seed=2366855942 time=80.884s reward=1.000000 train_r2=1.000000 test_r2=1.000000 complexity=14 evals=905686
       Livermore-3 run=31 seed=1393567789 time=190.279s reward=0.999819 train_r2=1.000000 test_r2=1.000000 complexity=35 evals=2000003
       Livermore-3 run=34 seed=2191321948 time=158.676s reward=1.000000 train_r2=1.000000 test_r2=1.000000 complexity=11 evals=1703117
       Livermore-3 run=36 seed=1139067352 time=157.263s reward=1.000000 train_r2=1.000000 test_r2=1.000000 complexity=13 evals=1689761
       Livermore-3 run=51 seed=2501308237 time=38.099s reward=1.000000 train_r2=1.000000 test_r2=1.000000 complexity=15 evals=428413
       Livermore-3 run=49 seed=4080976823 time=60.226s reward=1.000000 train_r2=1.000000 test_r2=1.000000 complexity=12 evals=665967
       Livermore-3 run=32 seed=540967856 time=191.583s reward=0.999671 train_r2=1.000000 test_r2=0.999995 complexity=25 evals=2000042
       Livermore-3 run=35 seed=1851676975 time=166.253s reward=1.000000 train_r2=1.000000 test_r2=1.000000 complexity=14 evals=1820336
      Livermore-14 run=45 seed=3465266528 time=103.983s reward=1.000000 train_r2=1.000000 test_r2=1.000000 complexity=29 evals=1152126
      Livermore-14 run=33 seed=902677639 time=181.384s reward=0.999987 train_r2=1.000000 test_r2=1.000000 complexity=30 evals=2000045
      Livermore-14 run=34 seed=2191321948 time=180.580s reward=0.999931 train_r2=1.000000 test_r2=0.999997 complexity=40 evals=2000060
      Livermore-14 run=57 seed=646788872 time=19.050s reward=1.000000 train_r2=1.000000 test_r2=1.000000 complexity=15 evals=233461
      Livermore-14 run=37 seed=1305444561 time=182.207s reward=0.999993 train_r2=1.000000 test_r2=1.000000 complexity=24 evals=2000011
      Livermore-14 run=36 seed=1139067352 time=184.055s reward=0.999991 train_r2=1.000000 test_r2=1.000000 complexity=20 evals=2000000
      Livermore-14 run=38 seed=1869174399 time=184.459s reward=0.999977 train_r2=1.000000 test_r2=1.000000 complexity=19 evals=2000014
      Livermore-14 run=52 seed=2872581883 time=65.455s reward=1.000000 train_r2=1.000000 test_r2=1.000000 complexity=21 evals=732917
      Livermore-14 run=39 seed=2928440539 time=183.690s reward=0.999984 train_r2=1.000000 test_r2=1.000000 complexity=25 evals=2000053
       Livermore-3 run=41 seed=3926696696 time=167.048s reward=1.000000 train_r2=1.000000 test_r2=1.000000 complexity=15 evals=1749465
       Livermore-3 run=39 seed=2928440539 time=189.721s reward=0.999942 train_r2=1.000000 test_r2=1.000000 complexity=26 evals=2000000
      Livermore-14 run=40 seed=4027297405 time=178.019s reward=0.999966 train_r2=1.000000 test_r2=1.000000 complexity=29 evals=2000007
      Livermore-14 run=43 seed=837591013 time=153.129s reward=1.000000 train_r2=1.000000 test_r2=1.000000 complexity=24 evals=1765984
       Livermore-3 run=53 seed=2157573201 time=72.881s reward=1.000000 train_r2=1.000000 test_r2=1.000000 complexity=27 evals=776927
      Livermore-14 run=61 seed=2621623777 time=9.854s reward=1.000000 train_r2=1.000000 test_r2=1.000000 complexity=21 evals=122271
      Livermore-14 run=41 seed=3926696696 time=177.657s reward=0.999969 train_r2=1.000000 test_r2=0.999999 complexity=17 evals=2000021
      Livermore-14 run=42 seed=3747793057 time=178.573s reward=0.999994 train_r2=1.000000 test_r2=1.000000 complexity=19 evals=2000002
       Livermore-3 run=61 seed=2621623777 time=24.572s reward=1.000000 train_r2=1.000000 test_r2=1.000000 complexity=14 evals=280952
       Livermore-3 run=52 seed=2872581883 time=104.866s reward=1.000000 train_r2=1.000000 test_r2=1.000000 complexity=14 evals=1130789
      Livermore-14 run=49 seed=4080976823 time=115.116s reward=1.000000 train_r2=1.000000 test_r2=1.000000 complexity=31 evals=1269091
       Livermore-3 run=43 seed=837591013 time=190.814s reward=0.999939 train_r2=1.000000 test_r2=0.999891 complexity=24 evals=2000000
       Livermore-3 run=57 seed=646788872 time=72.264s reward=1.000000 train_r2=1.000000 test_r2=1.000000 complexity=13 evals=809012
      Livermore-14 run=56 seed=3383119910 time=73.867s reward=1.000000 train_r2=1.000000 test_r2=1.000000 complexity=29 evals=827865
      Livermore-14 run=44 seed=2366855942 time=182.614s reward=0.999993 train_r2=1.000000 test_r2=1.000000 complexity=29 evals=2000001
       Livermore-3 run=45 seed=3465266528 time=188.080s reward=0.999864 train_r2=1.000000 test_r2=1.000000 complexity=38 evals=2000000
      Livermore-14 run=60 seed=1881455519 time=59.408s reward=1.000000 train_r2=1.000000 test_r2=1.000000 complexity=23 evals=684214
      Livermore-14 run=46 seed=323105323 time=181.398s reward=0.999970 train_r2=1.000000 test_r2=1.000000 complexity=19 evals=2000001
       Livermore-3 run=62 seed=4135381994 time=50.850s reward=1.000000 train_r2=1.000000 test_r2=1.000000 complexity=12 evals=555093
       Livermore-3 run=60 seed=1881455519 time=64.717s reward=1.000000 train_r2=1.000000 test_r2=1.000000 complexity=13 evals=703533
      Livermore-14 run=62 seed=4135381994 time=55.640s reward=1.000000 train_r2=1.000000 test_r2=1.000000 complexity=19 evals=636576
       Livermore-3 run=71 seed=1980462661 time=6.378s reward=1.000000 train_r2=1.000000 test_r2=1.000000 complexity=13 evals=76898
       Livermore-3 run=67 seed=3905278380 time=23.685s reward=1.000000 train_r2=1.000000 test_r2=1.000000 complexity=14 evals=277078
       Livermore-3 run=65 seed=534831994 time=47.992s reward=1.000000 train_r2=1.000000 test_r2=1.000000 complexity=12 evals=530388
       Livermore-3 run=69 seed=864589219 time=20.419s reward=1.000000 train_r2=1.000000 test_r2=1.000000 complexity=13 evals=238903
       Livermore-3 run=68 seed=2580222673 time=25.912s reward=1.000000 train_r2=1.000000 test_r2=1.000000 complexity=15 evals=298601
      Livermore-14 run=47 seed=3059174495 time=178.646s reward=0.999986 train_r2=1.000000 test_r2=1.000000 complexity=25 evals=2000024
      Livermore-14 run=66 seed=2701542408 time=33.447s reward=1.000000 train_r2=1.000000 test_r2=1.000000 complexity=21 evals=392401
       Livermore-3 run=59 seed=314500441 time=95.362s reward=1.000000 train_r2=1.000000 test_r2=1.000000 complexity=11 evals=1029357
       Livermore-3 run=63 seed=2643969318 time=75.617s reward=1.000000 train_r2=1.000000 test_r2=1.000000 complexity=13 evals=848418
      Livermore-14 run=73 seed=3630032764 time=22.483s reward=1.000000 train_r2=1.000000 test_r2=1.000000 complexity=19 evals=276549
       Livermore-3 run=55 seed=1830868652 time=126.561s reward=1.000000 train_r2=1.000000 test_r2=1.000000 complexity=14 evals=1378661
       Livermore-3 run=66 seed=2701542408 time=67.036s reward=1.000000 train_r2=1.000000 test_r2=1.000000 complexity=15 evals=714958
       Livermore-3 run=75 seed=867240961 time=27.792s reward=1.000000 train_r2=1.000000 test_r2=1.000000 complexity=16 evals=312789
       Livermore-3 run=56 seed=3383119910 time=132.030s reward=1.000000 train_r2=1.000000 test_r2=1.000000 complexity=13 evals=1442749
       Livermore-3 run=64 seed=2172690349 time=102.823s reward=1.000000 train_r2=1.000000 test_r2=1.000000 complexity=13 evals=1116137
       Livermore-3 run=74 seed=4174106357 time=48.173s reward=1.000000 train_r2=1.000000 test_r2=1.000000 complexity=13 evals=528571
      Livermore-14 run=50 seed=1129862598 time=187.309s reward=0.999992 train_r2=1.000000 test_r2=1.000000 complexity=21 evals=2000000
      Livermore-14 run=51 seed=2501308237 time=185.015s reward=0.999981 train_r2=1.000000 test_r2=1.000000 complexity=17 evals=2000010
      Livermore-14 run=53 seed=2157573201 time=180.746s reward=0.999980 train_r2=1.000000 test_r2=1.000000 complexity=24 evals=2000047
      Livermore-14 run=76 seed=1596437698 time=38.622s reward=1.000000 train_r2=1.000000 test_r2=1.000000 complexity=16 evals=457660
      Livermore-14 run=72 seed=2452680695 time=68.611s reward=1.000000 train_r2=1.000000 test_r2=1.000000 complexity=18 evals=785911
       Livermore-3 run=54 seed=1287263512 time=193.831s reward=0.999682 train_r2=1.000000 test_r2=0.999990 complexity=27 evals=2000000
      Livermore-14 run=54 seed=1287263512 time=181.443s reward=0.999936 train_r2=1.000000 test_r2=1.000000 complexity=24 evals=2000009
       Livermore-3 run=73 seed=3630032764 time=85.024s reward=1.000000 train_r2=1.000000 test_r2=1.000000 complexity=13 evals=931925
      Livermore-14 run=55 seed=1830868652 time=180.452s reward=0.999990 train_r2=1.000000 test_r2=1.000000 complexity=25 evals=2000008
      Livermore-14 run=67 seed=3905278380 time=112.514s reward=1.000000 train_r2=1.000000 test_r2=1.000000 complexity=20 evals=1263785
       Livermore-3 run=58 seed=3169893663 time=188.907s reward=0.999820 train_r2=1.000000 test_r2=0.999996 complexity=28 evals=2000032
       Livermore-3 run=85 seed=1570424568 time=13.607s reward=1.000000 train_r2=1.000000 test_r2=1.000000 complexity=12 evals=164643
       Livermore-3 run=81 seed=2654901646 time=47.665s reward=1.000000 train_r2=1.000000 test_r2=1.000000 complexity=18 evals=513425
      Livermore-14 run=58 seed=3169893663 time=182.621s reward=0.999971 train_r2=1.000000 test_r2=1.000000 complexity=22 evals=2000029
      Livermore-14 run=74 seed=4174106357 time=101.010s reward=1.000000 train_r2=1.000000 test_r2=1.000000 complexity=20 evals=1137527
      Livermore-14 run=59 seed=314500441 time=183.758s reward=0.999995 train_r2=1.000000 test_r2=1.000000 complexity=27 evals=2000002
       Livermore-3 run=76 seed=1596437698 time=97.713s reward=1.000000 train_r2=1.000000 test_r2=1.000000 complexity=15 evals=1038374
       Livermore-3 run=88 seed=741423123 time=12.858s reward=1.000000 train_r2=1.000000 test_r2=1.000000 complexity=12 evals=154092
      Livermore-14 run=63 seed=2643969318 time=179.683s reward=0.999968 train_r2=1.000000 test_r2=1.000000 complexity=17 evals=2000043
      Livermore-14 run=64 seed=2172690349 time=181.285s reward=0.999960 train_r2=1.000000 test_r2=1.000000 complexity=28 evals=2000002
      Livermore-14 run=77 seed=3765576040 time=111.735s reward=1.000000 train_r2=1.000000 test_r2=1.000000 complexity=21 evals=1233989
      Livermore-14 run=65 seed=534831994 time=183.316s reward=0.999994 train_r2=1.000000 test_r2=1.000000 complexity=22 evals=2000050
       Livermore-3 run=87 seed=2538244260 time=42.184s reward=1.000000 train_r2=1.000000 test_r2=1.000000 complexity=13 evals=461727
       Livermore-3 run=89 seed=4203616987 time=33.128s reward=1.000000 train_r2=1.000000 test_r2=1.000000 complexity=14 evals=365480
      Livermore-14 run=68 seed=2580222673 time=179.165s reward=0.999993 train_r2=1.000000 test_r2=1.000000 complexity=25 evals=2000031
      Livermore-14 run=84 seed=1436364170 time=78.102s reward=1.000000 train_r2=1.000000 test_r2=1.000000 complexity=14 evals=877989
      Livermore-14 run=70 seed=2499012356 time=177.659s reward=0.999995 train_r2=1.000000 test_r2=1.000000 complexity=17 evals=2000000
      Livermore-14 run=71 seed=1980462661 time=177.007s reward=0.999990 train_r2=1.000000 test_r2=1.000000 complexity=35 evals=2000002
       Livermore-3 run=86 seed=4035782163 time=68.315s reward=1.000000 train_r2=1.000000 test_r2=1.000000 complexity=21 evals=749125
      Livermore-14 run=69 seed=864589219 time=182.367s reward=0.999979 train_r2=1.000000 test_r2=1.000000 complexity=26 evals=2000000
       Livermore-3 run=70 seed=2499012356 time=190.704s reward=0.999651 train_r2=1.000000 test_r2=1.000000 complexity=30 evals=2000000
      Livermore-14 run=75 seed=867240961 time=181.167s reward=0.999993 train_r2=1.000000 test_r2=1.000000 complexity=31 evals=2000001
       Livermore-3 run=72 seed=2452680695 time=197.162s reward=0.999874 train_r2=1.000000 test_r2=0.999987 complexity=18 evals=2000011
       Livermore-3 run=91 seed=3089837783 time=50.826s reward=1.000000 train_r2=1.000000 test_r2=1.000000 complexity=15 evals=551110
      Livermore-14 run=92 seed=2706151228 time=49.510s reward=1.000000 train_r2=1.000000 test_r2=1.000000 complexity=19 evals=577612
       Livermore-3 run=83 seed=950346302 time=141.573s reward=1.000000 train_r2=1.000000 test_r2=1.000000 complexity=20 evals=1506772
       Livermore-3 run=77 seed=3765576040 time=189.654s reward=0.999771 train_r2=1.000000 test_r2=1.000000 complexity=25 evals=2000046
      Livermore-14 run=82 seed=3259510512 time=152.890s reward=1.000000 train_r2=1.000000 test_r2=1.000000 complexity=27 evals=1631094
       Livermore-3 run=84 seed=1436364170 time=134.442s reward=1.000000 train_r2=1.000000 test_r2=1.000000 complexity=14 evals=1428641
       Livermore-3 run=78 seed=1820974996 time=188.172s reward=0.999897 train_r2=1.000000 test_r2=0.999999 complexity=27 evals=2000001
      Livermore-14 run=78 seed=1820974996 time=186.504s reward=0.999991 train_r2=1.000000 test_r2=1.000000 complexity=27 evals=2000014
       Livermore-3 run=79 seed=23958531 time=185.326s reward=0.999830 train_r2=1.000000 test_r2=1.000000 complexity=20 evals=2000000
      Livermore-14 run=79 seed=23958531 time=180.694s reward=0.999991 train_r2=1.000000 test_r2=1.000000 complexity=18 evals=2000001
       Livermore-3 run=99 seed=972782567 time=13.379s reward=1.000000 train_r2=1.000000 test_r2=1.000000 complexity=21 evals=161278
       Livermore-3 run=95 seed=2754163514 time=62.127s reward=1.000000 train_r2=1.000000 test_r2=1.000000 complexity=16 evals=666492
       Livermore-3 run=80 seed=3823501306 time=184.810s reward=0.999785 train_r2=1.000000 test_r2=1.000000 complexity=25 evals=2000004
      Livermore-14 run=80 seed=3823501306 time=182.854s reward=0.999989 train_r2=1.000000 test_r2=1.000000 complexity=25 evals=2000029
      Livermore-14 run=81 seed=2654901646 time=183.243s reward=0.999982 train_r2=1.000000 test_r2=1.000000 complexity=24 evals=2000002
       Livermore-3 run=82 seed=3259510512 time=187.014s reward=0.999901 train_r2=1.000000 test_r2=1.000000 complexity=27 evals=2000017
       Livermore-3 run=94 seed=172779871 time=78.318s reward=1.000000 train_r2=1.000000 test_r2=1.000000 complexity=14 evals=890348
       Livermore-3 run=96 seed=3294841411 time=68.570s reward=1.000000 train_r2=1.000000 test_r2=1.000000 complexity=13 evals=751430
      Livermore-14 run=83 seed=950346302 time=182.098s reward=0.999975 train_r2=1.000000 test_r2=1.000000 complexity=22 evals=2000047
      Livermore-14 run=85 seed=1570424568 time=164.733s reward=0.999988 train_r2=1.000000 test_r2=1.000000 complexity=21 evals=2000000
      Livermore-14 run=86 seed=4035782163 time=168.164s reward=0.999991 train_r2=1.000000 test_r2=1.000000 complexity=32 evals=2000000
      Livermore-14 run=87 seed=2538244260 time=176.425s reward=0.999972 train_r2=1.000000 test_r2=1.000000 complexity=27 evals=2000014
       Livermore-3 run=90 seed=1451685539 time=150.876s reward=1.000000 train_r2=1.000000 test_r2=1.000000 complexity=12 evals=1692349
      Livermore-14 run=88 seed=741423123 time=170.332s reward=0.999966 train_r2=1.000000 test_r2=1.000000 complexity=26 evals=2000001
      Livermore-14 run=89 seed=4203616987 time=163.689s reward=0.999983 train_r2=1.000000 test_r2=1.000000 complexity=27 evals=2000001
       Livermore-3 run=97 seed=3184510963 time=104.903s reward=1.000000 train_r2=1.000000 test_r2=1.000000 complexity=15 evals=1342895
      Livermore-14 run=90 seed=1451685539 time=165.719s reward=0.999970 train_r2=1.000000 test_r2=1.000000 complexity=17 evals=2000001
      Livermore-14 run=94 seed=172779871 time=139.047s reward=1.000000 train_r2=1.000000 test_r2=1.000000 complexity=19 evals=1886504
      Livermore-14 run=91 seed=3089837783 time=167.187s reward=0.999955 train_r2=1.000000 test_r2=1.000000 complexity=32 evals=2000037
       Livermore-3 run=92 seed=2706151228 time=158.390s reward=0.999887 train_r2=1.000000 test_r2=0.999999 complexity=33 evals=2000012
      Livermore-14 run=93 seed=2970813244 time=152.322s reward=0.999984 train_r2=1.000000 test_r2=1.000000 complexity=32 evals=2000011
       Livermore-3 run=93 seed=2970813244 time=163.343s reward=0.999846 train_r2=1.000000 test_r2=0.999737 complexity=42 evals=2000000
      Livermore-14 run=96 seed=3294841411 time=139.810s reward=0.999994 train_r2=1.000000 test_r2=1.000000 complexity=24 evals=2000034
      Livermore-14 run=95 seed=2754163514 time=158.826s reward=0.999957 train_r2=1.000000 test_r2=1.000000 complexity=19 evals=2000028
      Livermore-14 run=99 seed=972782567 time=127.690s reward=0.999987 train_r2=1.000000 test_r2=1.000000 complexity=26 evals=2000024
      Livermore-14 run=97 seed=3184510963 time=142.477s reward=0.999991 train_r2=1.000000 test_r2=1.000000 complexity=22 evals=2000002
       Livermore-3 run=98 seed=1468460158 time=144.255s reward=0.999836 train_r2=1.000000 test_r2=0.999999 complexity=24 evals=2000000
wrote 100 rows to results_seed_bias/livermore_mp_old_hp/mp6/livermore/livermore_003_livermore-3.csv
      Livermore-14 run=98 seed=1468460158 time=143.673s reward=0.999980 train_r2=1.000000 test_r2=0.999902 complexity=29 evals=2000013
wrote 100 rows to results_seed_bias/livermore_mp_old_hp/mp6/livermore/livermore_014_livermore-14.csv
total wall time : 794.4s
